# serializer version: 1
# name: test_entities[cl_lfkr93x0ukp5gaia.json][control-definition]
  dict({
    'device_class': <TuyaCoverDeviceClass.CURTAIN: 'curtain'>,
    'entity_category': None,
    'key': <TuyaDPCode.CONTROL: 'control'>,
    'state_translations': None,
    'translation_key': 'curtain',
    'translation_string': '[%key:component::cover::entity_component::curtain::name%]',
  })
# ---
# name: test_entities[cl_lfkr93x0ukp5gaia.json][control-state]
  dict({
    'get_position_dp_code': None,
    'get_state_dp_code': <TuyaDPCode.CONTROL: 'control'>,
    'set_position_dp_code': None,
    'set_state_dp_code': <TuyaDPCode.CONTROL: 'control'>,
    'state': 'close',
  })
# ---
