# serializer version: 1
# name: test_entities[wk_IAYz2WK1th0cMLmL.json][wk-definition]
  dict({
    'current_temperature_dp_type': '<lambda>(device)',
    'device_class': None,
    'entity_category': None,
    'key': 'wk',
    'state_translations': None,
    'switch_only_hvac_mode': <TuyaClimateHVACMode.HEAT_COOL: 'heat_cool'>,
    'target_temperature_dp_type': '<lambda>(device)',
    'translation_key': None,
    'translation_string': None,
  })
# ---
# name: test_entities[wk_IAYz2WK1th0cMLmL.json][wk-state]
  dict({
    'current_temp': 22.5,
    'current_temp_dp_code': <TuyaDPCode.UPPER_TEMP: 'upper_temp'>,
    'target_temp': 23.0,
    'target_temp_dp_code': <TuyaDPCode.TEMP_SET: 'temp_set'>,
    'target_temp_max': 35.0,
    'target_temp_min': 5.0,
    'target_temp_step': 0.5,
  })
# ---
