# serializer version: 1
# name: test_entities[cz_4mbgrfotyNzMxDAv.json][switch-definition]
  dict({
    'device_class': <TuyaSwitchDeviceClass.OUTLET: 'outlet'>,
    'entity_category': None,
    'key': <TuyaDPCode.SWITCH: 'switch'>,
    'state_translations': None,
    'translation_key': None,
    'translation_placeholders': None,
    'translation_string': None,
  })
# ---
# name: test_entities[cz_4mbgrfotyNzMxDAv.json][switch-state]
  dict({
    'state': True,
  })
# ---
