# serializer version: 1
# name: test_entities[wk_IAYz2WK1th0cMLmL.json][child_lock-definition]
  dict({
    'device_class': None,
    'entity_category': <TuyaEntityCategory.CONFIG: 'config'>,
    'key': <TuyaDPCode.CHILD_LOCK: 'child_lock'>,
    'state_translations': None,
    'translation_key': 'child_lock',
    'translation_string': 'Child lock',
  })
# ---
# name: test_entities[wk_IAYz2WK1th0cMLmL.json][child_lock-state]
  dict({
    'state': True,
  })
# ---
